building model of GNEP knapsack game

NEP with 3 players:

Player 0 of variable indices from 0 to 9
Optimization problem with 10 variables

min 	-58 x_0 - 75 x_1 - 31 x_2 - 71 x_3 - 65 x_4 - 73 x_5 - 58 x_6 - 65 x_7 - 67 x_8 - 70 x_9
s.t.	x_0 <= 1.000000
    	-x_0 <= 0.000000
    	x_1 <= 1.000000
    	-x_1 <= 0.000000
    	x_2 <= 1.000000
    	-x_2 <= 0.000000
    	x_3 <= 1.000000
    	-x_3 <= 0.000000
    	x_4 <= 1.000000
    	-x_4 <= 0.000000
    	x_5 <= 1.000000
    	-x_5 <= 0.000000
    	x_6 <= 1.000000
    	-x_6 <= 0.000000
    	x_7 <= 1.000000
    	-x_7 <= 0.000000
    	x_8 <= 1.000000
    	-x_8 <= 0.000000
    	x_9 <= 1.000000
    	-x_9 <= 0.000000
    	x_0 + x_10 + x_20 <= 3.000000
    	x_1 + x_11 + x_21 <= 2.000000
    	x_2 + x_12 + x_22 <= 2.000000
    	x_3 + x_13 + x_23 <= 3.000000
    	x_4 + x_14 + x_24 <= 1.000000
    	x_5 + x_15 + x_25 <= 1.000000
    	x_6 + x_16 + x_26 <= 3.000000
    	x_7 + x_17 + x_27 <= 2.000000
    	x_8 + x_18 + x_28 <= 1.000000
    	x_9 + x_19 + x_29 <= 1.000000
    	48 x_0 + 65 x_1 + 21 x_2 + 61 x_3 + 55 x_4 + 63 x_5 + 48 x_6 + 55 x_7 + 57 x_8 + 60 x_9 <= 106.000000
    	
integer variables: 0 1 2 3 4 5 6 7 8 9 
Player 1 of variable indices from 10 to 19
Optimization problem with 10 variables

min 	-77 x_10 - 59 x_11 - 65 x_12 - 80 x_13 - 35 x_14 - 73 x_15 - 12 x_16 - 41 x_17 - 17 x_18 - 39 x_19
s.t.	x_10 <= 1.000000
    	-x_10 <= 0.000000
    	x_11 <= 1.000000
    	-x_11 <= 0.000000
    	x_12 <= 1.000000
    	-x_12 <= 0.000000
    	x_13 <= 1.000000
    	-x_13 <= 0.000000
    	x_14 <= 1.000000
    	-x_14 <= 0.000000
    	x_15 <= 1.000000
    	-x_15 <= 0.000000
    	x_16 <= 1.000000
    	-x_16 <= 0.000000
    	x_17 <= 1.000000
    	-x_17 <= 0.000000
    	x_18 <= 1.000000
    	-x_18 <= 0.000000
    	x_19 <= 1.000000
    	-x_19 <= 0.000000
    	x_0 + x_10 + x_20 <= 3.000000
    	x_1 + x_11 + x_21 <= 2.000000
    	x_2 + x_12 + x_22 <= 2.000000
    	x_3 + x_13 + x_23 <= 3.000000
    	x_4 + x_14 + x_24 <= 1.000000
    	x_5 + x_15 + x_25 <= 1.000000
    	x_6 + x_16 + x_26 <= 3.000000
    	x_7 + x_17 + x_27 <= 2.000000
    	x_8 + x_18 + x_28 <= 1.000000
    	x_9 + x_19 + x_29 <= 1.000000
    	67 x_10 + 49 x_11 + 55 x_12 + 70 x_13 + 25 x_14 + 63 x_15 + 2 x_16 + 31 x_17 + 7 x_18 + 29 x_19 <= 79.000000
    	
integer variables: 10 11 12 13 14 15 16 17 18 19 
Player 2 of variable indices from 20 to 29
Optimization problem with 10 variables

min 	-95 x_20 - 36 x_21 - 108 x_22 - 96 x_23 - 106 x_24 - 82 x_25 - 59 x_26 - 18 x_27 - 68 x_28 - 107 x_29
s.t.	x_20 <= 1.000000
    	-x_20 <= 0.000000
    	x_21 <= 1.000000
    	-x_21 <= 0.000000
    	x_22 <= 1.000000
    	-x_22 <= 0.000000
    	x_23 <= 1.000000
    	-x_23 <= 0.000000
    	x_24 <= 1.000000
    	-x_24 <= 0.000000
    	x_25 <= 1.000000
    	-x_25 <= 0.000000
    	x_26 <= 1.000000
    	-x_26 <= 0.000000
    	x_27 <= 1.000000
    	-x_27 <= 0.000000
    	x_28 <= 1.000000
    	-x_28 <= 0.000000
    	x_29 <= 1.000000
    	-x_29 <= 0.000000
    	x_0 + x_10 + x_20 <= 3.000000
    	x_1 + x_11 + x_21 <= 2.000000
    	x_2 + x_12 + x_22 <= 2.000000
    	x_3 + x_13 + x_23 <= 3.000000
    	x_4 + x_14 + x_24 <= 1.000000
    	x_5 + x_15 + x_25 <= 1.000000
    	x_6 + x_16 + x_26 <= 3.000000
    	x_7 + x_17 + x_27 <= 2.000000
    	x_8 + x_18 + x_28 <= 1.000000
    	x_9 + x_19 + x_29 <= 1.000000
    	85 x_20 + 26 x_21 + 98 x_22 + 86 x_23 + 96 x_24 + 72 x_25 + 49 x_26 + 8 x_27 + 58 x_28 + 97 x_29 <= 135.000000
    	
integer variables: 20 21 22 23 24 25 26 27 28 29 
initial eta lower bounds: 0 0 0 
initial eta upper bounds: 0 0 0 
no equilibrium found right now

eta_0 bounded by [-134, -0]
eta_1 bounded by [-125, -0]
eta_2 bounded by [-174, -0]
computation time of eta bounds with MIP gap 0.0001 is 0.003472 seconds
Root node problem: 
Optimization problem with 33 variables

min 	-95 x_20 - 36 x_21 - 108 x_22 - 96 x_23 - 106 x_24 - 82 x_25 - 59 x_26 - 18 x_27 - 68 x_28 - 107 x_29 - 77 x_10 - 59 x_11 - 65 x_12 - 80 x_13 - 35 x_14 - 73 x_15 - 12 x_16 - 41 x_17 - 17 x_18 - 39 x_19 - 58 x_0 - 75 x_1 - 31 x_2 - 71 x_3 - 65 x_4 - 73 x_5 - 58 x_6 - 65 x_7 - 67 x_8 - 70 x_9 - x_30 - x_31 - x_32
s.t.	x_0 <= 1.000000
    	-x_0 <= 0.000000
    	x_1 <= 1.000000
    	-x_1 <= 0.000000
    	x_2 <= 1.000000
    	-x_2 <= 0.000000
    	x_3 <= 1.000000
    	-x_3 <= 0.000000
    	x_4 <= 1.000000
    	-x_4 <= 0.000000
    	x_5 <= 1.000000
    	-x_5 <= 0.000000
    	x_6 <= 1.000000
    	-x_6 <= 0.000000
    	x_7 <= 1.000000
    	-x_7 <= 0.000000
    	x_8 <= 1.000000
    	-x_8 <= 0.000000
    	x_9 <= 1.000000
    	-x_9 <= 0.000000
    	x_0 + x_10 + x_20 <= 3.000000
    	x_1 + x_11 + x_21 <= 2.000000
    	x_2 + x_12 + x_22 <= 2.000000
    	x_3 + x_13 + x_23 <= 3.000000
    	x_4 + x_14 + x_24 <= 1.000000
    	x_5 + x_15 + x_25 <= 1.000000
    	x_6 + x_16 + x_26 <= 3.000000
    	x_7 + x_17 + x_27 <= 2.000000
    	x_8 + x_18 + x_28 <= 1.000000
    	x_9 + x_19 + x_29 <= 1.000000
    	48 x_0 + 65 x_1 + 21 x_2 + 61 x_3 + 55 x_4 + 63 x_5 + 48 x_6 + 55 x_7 + 57 x_8 + 60 x_9 <= 106.000000
    	x_10 <= 1.000000
    	-x_10 <= 0.000000
    	x_11 <= 1.000000
    	-x_11 <= 0.000000
    	x_12 <= 1.000000
    	-x_12 <= 0.000000
    	x_13 <= 1.000000
    	-x_13 <= 0.000000
    	x_14 <= 1.000000
    	-x_14 <= 0.000000
    	x_15 <= 1.000000
    	-x_15 <= 0.000000
    	x_16 <= 1.000000
    	-x_16 <= 0.000000
    	x_17 <= 1.000000
    	-x_17 <= 0.000000
    	x_18 <= 1.000000
    	-x_18 <= 0.000000
    	x_19 <= 1.000000
    	-x_19 <= 0.000000
    	67 x_10 + 49 x_11 + 55 x_12 + 70 x_13 + 25 x_14 + 63 x_15 + 2 x_16 + 31 x_17 + 7 x_18 + 29 x_19 <= 79.000000
    	x_20 <= 1.000000
    	-x_20 <= 0.000000
    	x_21 <= 1.000000
    	-x_21 <= 0.000000
    	x_22 <= 1.000000
    	-x_22 <= 0.000000
    	x_23 <= 1.000000
    	-x_23 <= 0.000000
    	x_24 <= 1.000000
    	-x_24 <= 0.000000
    	x_25 <= 1.000000
    	-x_25 <= 0.000000
    	x_26 <= 1.000000
    	-x_26 <= 0.000000
    	x_27 <= 1.000000
    	-x_27 <= 0.000000
    	x_28 <= 1.000000
    	-x_28 <= 0.000000
    	x_29 <= 1.000000
    	-x_29 <= 0.000000
    	85 x_20 + 26 x_21 + 98 x_22 + 86 x_23 + 96 x_24 + 72 x_25 + 49 x_26 + 8 x_27 + 58 x_28 + 97 x_29 <= 135.000000
    	-x_30 <= 134.000000
    	x_30 <= -0.000000
    	-x_31 <= 125.000000
    	x_31 <= -0.000000
    	-x_32 <= 174.000000
    	x_32 <= -0.000000
    	
integer variables: 0 1 2 3 4 5 6 7 8 9 10 11 12 13 14 15 16 17 18 19 20 21 22 23 24 25 26 27 28 29 
number of local cuts in the node (and parents) in which the NE was found: 0
depth of node in which the NE was found: 22

NEFreeSetBuildingTime: 0.0178 seconds
FinalStepICBuildingTime: 0.090518 seconds
rayBuildingTime: 0.082628 seconds
totalNodeSolveTime: 2.37829 seconds
totalBestResponseTime: 0.325033 seconds
totalCutDerivationTime: 0.209404 seconds


----------------------------------------
1 NE found:
--
NE 1 0 0 0 0 0 0 1 0 0 0 0 0 0 0 0 1 1 1 1 0 0 0 1 0 0 1 0 0 0 
of social welfare -387
with best response values -123 -109 -155 
and differences to best response values 0 0 0 
--

computation time: 3.09445 seconds
cut computation time: 0.209404 seconds
number of nodes explored: 7775
number of cuts added: 2344
anti cycling measures taken: false
----------------------------------------

result,/Users/roberthildebrand/Documents/GitHub/Grants/branch-and-cut-for-ipgs/instances/GNEP_knapsack_instances/3-10-2-strongcorr-3.txt,GNEP,GNEP-fullInteger,basicAlgorithm,intersectionCuts,localCuts,false,manyEtasGurobi,mostFractional,0.000000001,SOLUTION_FOUND,1,7775,2344,3.09445,0.209404,0
writing one-line output in /Users/roberthildebrand/Documents/GitHub/GIPG/scripts/duguet_compare/sample/_tmp_result.txt
