building model of GNEP knapsack game

NEP with 4 players:

Player 0 of variable indices from 0 to 19
Optimization problem with 20 variables

min 	-68 x_0 - 86 x_1 - 88 x_2 - 15 x_3 - 50 x_4 - 64 x_5 - 27 x_6 - 60 x_7 - 88 x_8 - 82 x_9 - 110 x_10 - 33 x_11 - 65 x_12 - 58 x_13 - 64 x_14 - 72 x_15 - 37 x_16 - 27 x_17 - 98 x_18 - 71 x_19
s.t.	x_0 <= 1.000000
    	-x_0 <= 0.000000
    	x_1 <= 1.000000
    	-x_1 <= 0.000000
    	x_2 <= 1.000000
    	-x_2 <= 0.000000
    	x_3 <= 1.000000
    	-x_3 <= 0.000000
    	x_4 <= 1.000000
    	-x_4 <= 0.000000
    	x_5 <= 1.000000
    	-x_5 <= 0.000000
    	x_6 <= 1.000000
    	-x_6 <= 0.000000
    	x_7 <= 1.000000
    	-x_7 <= 0.000000
    	x_8 <= 1.000000
    	-x_8 <= 0.000000
    	x_9 <= 1.000000
    	-x_9 <= 0.000000
    	x_10 <= 1.000000
    	-x_10 <= 0.000000
    	x_11 <= 1.000000
    	-x_11 <= 0.000000
    	x_12 <= 1.000000
    	-x_12 <= 0.000000
    	x_13 <= 1.000000
    	-x_13 <= 0.000000
    	x_14 <= 1.000000
    	-x_14 <= 0.000000
    	x_15 <= 1.000000
    	-x_15 <= 0.000000
    	x_16 <= 1.000000
    	-x_16 <= 0.000000
    	x_17 <= 1.000000
    	-x_17 <= 0.000000
    	x_18 <= 1.000000
    	-x_18 <= 0.000000
    	x_19 <= 1.000000
    	-x_19 <= 0.000000
    	x_0 + x_20 + x_40 + x_60 <= 4.000000
    	x_1 + x_21 + x_41 + x_61 <= 4.000000
    	x_2 + x_22 + x_42 + x_62 <= 3.000000
    	x_3 + x_23 + x_43 + x_63 <= 1.000000
    	x_4 + x_24 + x_44 + x_64 <= 1.000000
    	x_5 + x_25 + x_45 + x_65 <= 1.000000
    	x_6 + x_26 + x_46 + x_66 <= 3.000000
    	x_7 + x_27 + x_47 + x_67 <= 1.000000
    	x_8 + x_28 + x_48 + x_68 <= 2.000000
    	x_9 + x_29 + x_49 + x_69 <= 1.000000
    	x_10 + x_30 + x_50 + x_70 <= 1.000000
    	x_11 + x_31 + x_51 + x_71 <= 2.000000
    	x_12 + x_32 + x_52 + x_72 <= 2.000000
    	x_13 + x_33 + x_53 + x_73 <= 1.000000
    	x_14 + x_34 + x_54 + x_74 <= 2.000000
    	x_15 + x_35 + x_55 + x_75 <= 1.000000
    	x_16 + x_36 + x_56 + x_76 <= 1.000000
    	x_17 + x_37 + x_57 + x_77 <= 3.000000
    	x_18 + x_38 + x_58 + x_78 <= 4.000000
    	x_19 + x_39 + x_59 + x_79 <= 2.000000
    	58 x_0 + 76 x_1 + 78 x_2 + 5 x_3 + 40 x_4 + 54 x_5 + 17 x_6 + 50 x_7 + 78 x_8 + 72 x_9 + 100 x_10 + 23 x_11 + 55 x_12 + 48 x_13 + 54 x_14 + 62 x_15 + 27 x_16 + 17 x_17 + 88 x_18 + 61 x_19 <= 531.000000
    	
integer variables: 0 1 2 3 4 5 6 7 8 9 10 11 12 13 14 15 16 17 18 19 
Player 1 of variable indices from 20 to 39
Optimization problem with 20 variables

min 	-86 x_20 - 63 x_21 - 23 x_22 - 31 x_23 - 21 x_24 - 73 x_25 - 82 x_26 - 45 x_27 - 39 x_28 - 50 x_29 - 56 x_30 - 42 x_31 - 92 x_32 - 106 x_33 - 102 x_34 - 104 x_35 - 12 x_36 - 87 x_37 - 45 x_38 - 31 x_39
s.t.	x_20 <= 1.000000
    	-x_20 <= 0.000000
    	x_21 <= 1.000000
    	-x_21 <= 0.000000
    	x_22 <= 1.000000
    	-x_22 <= 0.000000
    	x_23 <= 1.000000
    	-x_23 <= 0.000000
    	x_24 <= 1.000000
    	-x_24 <= 0.000000
    	x_25 <= 1.000000
    	-x_25 <= 0.000000
    	x_26 <= 1.000000
    	-x_26 <= 0.000000
    	x_27 <= 1.000000
    	-x_27 <= 0.000000
    	x_28 <= 1.000000
    	-x_28 <= 0.000000
    	x_29 <= 1.000000
    	-x_29 <= 0.000000
    	x_30 <= 1.000000
    	-x_30 <= 0.000000
    	x_31 <= 1.000000
    	-x_31 <= 0.000000
    	x_32 <= 1.000000
    	-x_32 <= 0.000000
    	x_33 <= 1.000000
    	-x_33 <= 0.000000
    	x_34 <= 1.000000
    	-x_34 <= 0.000000
    	x_35 <= 1.000000
    	-x_35 <= 0.000000
    	x_36 <= 1.000000
    	-x_36 <= 0.000000
    	x_37 <= 1.000000
    	-x_37 <= 0.000000
    	x_38 <= 1.000000
    	-x_38 <= 0.000000
    	x_39 <= 1.000000
    	-x_39 <= 0.000000
    	x_0 + x_20 + x_40 + x_60 <= 4.000000
    	x_1 + x_21 + x_41 + x_61 <= 4.000000
    	x_2 + x_22 + x_42 + x_62 <= 3.000000
    	x_3 + x_23 + x_43 + x_63 <= 1.000000
    	x_4 + x_24 + x_44 + x_64 <= 1.000000
    	x_5 + x_25 + x_45 + x_65 <= 1.000000
    	x_6 + x_26 + x_46 + x_66 <= 3.000000
    	x_7 + x_27 + x_47 + x_67 <= 1.000000
    	x_8 + x_28 + x_48 + x_68 <= 2.000000
    	x_9 + x_29 + x_49 + x_69 <= 1.000000
    	x_10 + x_30 + x_50 + x_70 <= 1.000000
    	x_11 + x_31 + x_51 + x_71 <= 2.000000
    	x_12 + x_32 + x_52 + x_72 <= 2.000000
    	x_13 + x_33 + x_53 + x_73 <= 1.000000
    	x_14 + x_34 + x_54 + x_74 <= 2.000000
    	x_15 + x_35 + x_55 + x_75 <= 1.000000
    	x_16 + x_36 + x_56 + x_76 <= 1.000000
    	x_17 + x_37 + x_57 + x_77 <= 3.000000
    	x_18 + x_38 + x_58 + x_78 <= 4.000000
    	x_19 + x_39 + x_59 + x_79 <= 2.000000
    	76 x_20 + 53 x_21 + 13 x_22 + 21 x_23 + 11 x_24 + 63 x_25 + 72 x_26 + 35 x_27 + 29 x_28 + 40 x_29 + 46 x_30 + 32 x_31 + 82 x_32 + 96 x_33 + 92 x_34 + 94 x_35 + 2 x_36 + 77 x_37 + 35 x_38 + 21 x_39 <= 495.000000
    	
integer variables: 20 21 22 23 24 25 26 27 28 29 30 31 32 33 34 35 36 37 38 39 
Player 2 of variable indices from 40 to 59
Optimization problem with 20 variables

min 	-105 x_40 - 39 x_41 - 65 x_42 - 40 x_43 - 91 x_44 - 73 x_45 - 28 x_46 - 21 x_47 - 81 x_48 - 27 x_49 - 11 x_50 - 50 x_51 - 18 x_52 - 55 x_53 - 41 x_54 - 45 x_55 - 78 x_56 - 40 x_57 - 99 x_58 - 100 x_59
s.t.	x_40 <= 1.000000
    	-x_40 <= 0.000000
    	x_41 <= 1.000000
    	-x_41 <= 0.000000
    	x_42 <= 1.000000
    	-x_42 <= 0.000000
    	x_43 <= 1.000000
    	-x_43 <= 0.000000
    	x_44 <= 1.000000
    	-x_44 <= 0.000000
    	x_45 <= 1.000000
    	-x_45 <= 0.000000
    	x_46 <= 1.000000
    	-x_46 <= 0.000000
    	x_47 <= 1.000000
    	-x_47 <= 0.000000
    	x_48 <= 1.000000
    	-x_48 <= 0.000000
    	x_49 <= 1.000000
    	-x_49 <= 0.000000
    	x_50 <= 1.000000
    	-x_50 <= 0.000000
    	x_51 <= 1.000000
    	-x_51 <= 0.000000
    	x_52 <= 1.000000
    	-x_52 <= 0.000000
    	x_53 <= 1.000000
    	-x_53 <= 0.000000
    	x_54 <= 1.000000
    	-x_54 <= 0.000000
    	x_55 <= 1.000000
    	-x_55 <= 0.000000
    	x_56 <= 1.000000
    	-x_56 <= 0.000000
    	x_57 <= 1.000000
    	-x_57 <= 0.000000
    	x_58 <= 1.000000
    	-x_58 <= 0.000000
    	x_59 <= 1.000000
    	-x_59 <= 0.000000
    	x_0 + x_20 + x_40 + x_60 <= 4.000000
    	x_1 + x_21 + x_41 + x_61 <= 4.000000
    	x_2 + x_22 + x_42 + x_62 <= 3.000000
    	x_3 + x_23 + x_43 + x_63 <= 1.000000
    	x_4 + x_24 + x_44 + x_64 <= 1.000000
    	x_5 + x_25 + x_45 + x_65 <= 1.000000
    	x_6 + x_26 + x_46 + x_66 <= 3.000000
    	x_7 + x_27 + x_47 + x_67 <= 1.000000
    	x_8 + x_28 + x_48 + x_68 <= 2.000000
    	x_9 + x_29 + x_49 + x_69 <= 1.000000
    	x_10 + x_30 + x_50 + x_70 <= 1.000000
    	x_11 + x_31 + x_51 + x_71 <= 2.000000
    	x_12 + x_32 + x_52 + x_72 <= 2.000000
    	x_13 + x_33 + x_53 + x_73 <= 1.000000
    	x_14 + x_34 + x_54 + x_74 <= 2.000000
    	x_15 + x_35 + x_55 + x_75 <= 1.000000
    	x_16 + x_36 + x_56 + x_76 <= 1.000000
    	x_17 + x_37 + x_57 + x_77 <= 3.000000
    	x_18 + x_38 + x_58 + x_78 <= 4.000000
    	x_19 + x_39 + x_59 + x_79 <= 2.000000
    	95 x_40 + 29 x_41 + 55 x_42 + 30 x_43 + 81 x_44 + 63 x_45 + 18 x_46 + 11 x_47 + 71 x_48 + 17 x_49 + x_50 + 40 x_51 + 8 x_52 + 45 x_53 + 31 x_54 + 35 x_55 + 68 x_56 + 30 x_57 + 89 x_58 + 90 x_59 <= 453.000000
    	
integer variables: 40 41 42 43 44 45 46 47 48 49 50 51 52 53 54 55 56 57 58 59 
Player 3 of variable indices from 60 to 79
Optimization problem with 20 variables

min 	-23 x_60 - 16 x_61 - 100 x_62 - 56 x_63 - 62 x_64 - 82 x_65 - 83 x_66 - 98 x_67 - 32 x_68 - 95 x_69 - 57 x_70 - 59 x_71 - 45 x_72 - 11 x_73 - 79 x_74 - 77 x_75 - 45 x_76 - 92 x_77 - 46 x_78 - 68 x_79
s.t.	x_60 <= 1.000000
    	-x_60 <= 0.000000
    	x_61 <= 1.000000
    	-x_61 <= 0.000000
    	x_62 <= 1.000000
    	-x_62 <= 0.000000
    	x_63 <= 1.000000
    	-x_63 <= 0.000000
    	x_64 <= 1.000000
    	-x_64 <= 0.000000
    	x_65 <= 1.000000
    	-x_65 <= 0.000000
    	x_66 <= 1.000000
    	-x_66 <= 0.000000
    	x_67 <= 1.000000
    	-x_67 <= 0.000000
    	x_68 <= 1.000000
    	-x_68 <= 0.000000
    	x_69 <= 1.000000
    	-x_69 <= 0.000000
    	x_70 <= 1.000000
    	-x_70 <= 0.000000
    	x_71 <= 1.000000
    	-x_71 <= 0.000000
    	x_72 <= 1.000000
    	-x_72 <= 0.000000
    	x_73 <= 1.000000
    	-x_73 <= 0.000000
    	x_74 <= 1.000000
    	-x_74 <= 0.000000
    	x_75 <= 1.000000
    	-x_75 <= 0.000000
    	x_76 <= 1.000000
    	-x_76 <= 0.000000
    	x_77 <= 1.000000
    	-x_77 <= 0.000000
    	x_78 <= 1.000000
    	-x_78 <= 0.000000
    	x_79 <= 1.000000
    	-x_79 <= 0.000000
    	x_0 + x_20 + x_40 + x_60 <= 4.000000
    	x_1 + x_21 + x_41 + x_61 <= 4.000000
    	x_2 + x_22 + x_42 + x_62 <= 3.000000
    	x_3 + x_23 + x_43 + x_63 <= 1.000000
    	x_4 + x_24 + x_44 + x_64 <= 1.000000
    	x_5 + x_25 + x_45 + x_65 <= 1.000000
    	x_6 + x_26 + x_46 + x_66 <= 3.000000
    	x_7 + x_27 + x_47 + x_67 <= 1.000000
    	x_8 + x_28 + x_48 + x_68 <= 2.000000
    	x_9 + x_29 + x_49 + x_69 <= 1.000000
    	x_10 + x_30 + x_50 + x_70 <= 1.000000
    	x_11 + x_31 + x_51 + x_71 <= 2.000000
    	x_12 + x_32 + x_52 + x_72 <= 2.000000
    	x_13 + x_33 + x_53 + x_73 <= 1.000000
    	x_14 + x_34 + x_54 + x_74 <= 2.000000
    	x_15 + x_35 + x_55 + x_75 <= 1.000000
    	x_16 + x_36 + x_56 + x_76 <= 1.000000
    	x_17 + x_37 + x_57 + x_77 <= 3.000000
    	x_18 + x_38 + x_58 + x_78 <= 4.000000
    	x_19 + x_39 + x_59 + x_79 <= 2.000000
    	13 x_60 + 6 x_61 + 90 x_62 + 46 x_63 + 52 x_64 + 72 x_65 + 73 x_66 + 88 x_67 + 22 x_68 + 85 x_69 + 47 x_70 + 49 x_71 + 35 x_72 + x_73 + 69 x_74 + 67 x_75 + 35 x_76 + 82 x_77 + 36 x_78 + 58 x_79 <= 513.000000
    	
integer variables: 60 61 62 63 64 65 66 67 68 69 70 71 72 73 74 75 76 77 78 79 
initial eta lower bounds: 0 0 0 0 
initial eta upper bounds: 0 0 0 0 
no equilibrium found right now

eta_0 bounded by [-665, -0]
eta_1 bounded by [-638, -0]
eta_2 bounded by [-599, -0]
eta_3 bounded by [-650, -0]
computation time of eta bounds with MIP gap 0.0001 is 0.006498 seconds
Root node problem: 
Optimization problem with 84 variables

min 	-23 x_60 - 16 x_61 - 100 x_62 - 56 x_63 - 62 x_64 - 82 x_65 - 83 x_66 - 98 x_67 - 32 x_68 - 95 x_69 - 57 x_70 - 59 x_71 - 45 x_72 - 11 x_73 - 79 x_74 - 77 x_75 - 45 x_76 - 92 x_77 - 46 x_78 - 68 x_79 - 105 x_40 - 39 x_41 - 65 x_42 - 40 x_43 - 91 x_44 - 73 x_45 - 28 x_46 - 21 x_47 - 81 x_48 - 27 x_49 - 11 x_50 - 50 x_51 - 18 x_52 - 55 x_53 - 41 x_54 - 45 x_55 - 78 x_56 - 40 x_57 - 99 x_58 - 100 x_59 - 86 x_20 - 63 x_21 - 23 x_22 - 31 x_23 - 21 x_24 - 73 x_25 - 82 x_26 - 45 x_27 - 39 x_28 - 50 x_29 - 56 x_30 - 42 x_31 - 92 x_32 - 106 x_33 - 102 x_34 - 104 x_35 - 12 x_36 - 87 x_37 - 45 x_38 - 31 x_39 - 68 x_0 - 86 x_1 - 88 x_2 - 15 x_3 - 50 x_4 - 64 x_5 - 27 x_6 - 60 x_7 - 88 x_8 - 82 x_9 - 110 x_10 - 33 x_11 - 65 x_12 - 58 x_13 - 64 x_14 - 72 x_15 - 37 x_16 - 27 x_17 - 98 x_18 - 71 x_19 - x_80 - x_81 - x_82 - x_83
s.t.	x_0 <= 1.000000
    	-x_0 <= 0.000000
    	x_1 <= 1.000000
    	-x_1 <= 0.000000
    	x_2 <= 1.000000
    	-x_2 <= 0.000000
    	x_3 <= 1.000000
    	-x_3 <= 0.000000
    	x_4 <= 1.000000
    	-x_4 <= 0.000000
    	x_5 <= 1.000000
    	-x_5 <= 0.000000
    	x_6 <= 1.000000
    	-x_6 <= 0.000000
    	x_7 <= 1.000000
    	-x_7 <= 0.000000
    	x_8 <= 1.000000
    	-x_8 <= 0.000000
    	x_9 <= 1.000000
    	-x_9 <= 0.000000
    	x_10 <= 1.000000
    	-x_10 <= 0.000000
    	x_11 <= 1.000000
    	-x_11 <= 0.000000
    	x_12 <= 1.000000
    	-x_12 <= 0.000000
    	x_13 <= 1.000000
    	-x_13 <= 0.000000
    	x_14 <= 1.000000
    	-x_14 <= 0.000000
    	x_15 <= 1.000000
    	-x_15 <= 0.000000
    	x_16 <= 1.000000
    	-x_16 <= 0.000000
    	x_17 <= 1.000000
    	-x_17 <= 0.000000
    	x_18 <= 1.000000
    	-x_18 <= 0.000000
    	x_19 <= 1.000000
    	-x_19 <= 0.000000
    	x_0 + x_20 + x_40 + x_60 <= 4.000000
    	x_1 + x_21 + x_41 + x_61 <= 4.000000
    	x_2 + x_22 + x_42 + x_62 <= 3.000000
    	x_3 + x_23 + x_43 + x_63 <= 1.000000
    	x_4 + x_24 + x_44 + x_64 <= 1.000000
    	x_5 + x_25 + x_45 + x_65 <= 1.000000
    	x_6 + x_26 + x_46 + x_66 <= 3.000000
    	x_7 + x_27 + x_47 + x_67 <= 1.000000
    	x_8 + x_28 + x_48 + x_68 <= 2.000000
    	x_9 + x_29 + x_49 + x_69 <= 1.000000
    	x_10 + x_30 + x_50 + x_70 <= 1.000000
    	x_11 + x_31 + x_51 + x_71 <= 2.000000
    	x_12 + x_32 + x_52 + x_72 <= 2.000000
    	x_13 + x_33 + x_53 + x_73 <= 1.000000
    	x_14 + x_34 + x_54 + x_74 <= 2.000000
    	x_15 + x_35 + x_55 + x_75 <= 1.000000
    	x_16 + x_36 + x_56 + x_76 <= 1.000000
    	x_17 + x_37 + x_57 + x_77 <= 3.000000
    	x_18 + x_38 + x_58 + x_78 <= 4.000000
    	x_19 + x_39 + x_59 + x_79 <= 2.000000
    	58 x_0 + 76 x_1 + 78 x_2 + 5 x_3 + 40 x_4 + 54 x_5 + 17 x_6 + 50 x_7 + 78 x_8 + 72 x_9 + 100 x_10 + 23 x_11 + 55 x_12 + 48 x_13 + 54 x_14 + 62 x_15 + 27 x_16 + 17 x_17 + 88 x_18 + 61 x_19 <= 531.000000
    	x_20 <= 1.000000
    	-x_20 <= 0.000000
    	x_21 <= 1.000000
    	-x_21 <= 0.000000
    	x_22 <= 1.000000
    	-x_22 <= 0.000000
    	x_23 <= 1.000000
    	-x_23 <= 0.000000
    	x_24 <= 1.000000
    	-x_24 <= 0.000000
    	x_25 <= 1.000000
    	-x_25 <= 0.000000
    	x_26 <= 1.000000
    	-x_26 <= 0.000000
    	x_27 <= 1.000000
    	-x_27 <= 0.000000
    	x_28 <= 1.000000
    	-x_28 <= 0.000000
    	x_29 <= 1.000000
    	-x_29 <= 0.000000
    	x_30 <= 1.000000
    	-x_30 <= 0.000000
    	x_31 <= 1.000000
    	-x_31 <= 0.000000
    	x_32 <= 1.000000
    	-x_32 <= 0.000000
    	x_33 <= 1.000000
    	-x_33 <= 0.000000
    	x_34 <= 1.000000
    	-x_34 <= 0.000000
    	x_35 <= 1.000000
    	-x_35 <= 0.000000
    	x_36 <= 1.000000
    	-x_36 <= 0.000000
    	x_37 <= 1.000000
    	-x_37 <= 0.000000
    	x_38 <= 1.000000
    	-x_38 <= 0.000000
    	x_39 <= 1.000000
    	-x_39 <= 0.000000
    	76 x_20 + 53 x_21 + 13 x_22 + 21 x_23 + 11 x_24 + 63 x_25 + 72 x_26 + 35 x_27 + 29 x_28 + 40 x_29 + 46 x_30 + 32 x_31 + 82 x_32 + 96 x_33 + 92 x_34 + 94 x_35 + 2 x_36 + 77 x_37 + 35 x_38 + 21 x_39 <= 495.000000
    	x_40 <= 1.000000
    	-x_40 <= 0.000000
    	x_41 <= 1.000000
    	-x_41 <= 0.000000
    	x_42 <= 1.000000
    	-x_42 <= 0.000000
    	x_43 <= 1.000000
    	-x_43 <= 0.000000
    	x_44 <= 1.000000
    	-x_44 <= 0.000000
    	x_45 <= 1.000000
    	-x_45 <= 0.000000
    	x_46 <= 1.000000
    	-x_46 <= 0.000000
    	x_47 <= 1.000000
    	-x_47 <= 0.000000
    	x_48 <= 1.000000
    	-x_48 <= 0.000000
    	x_49 <= 1.000000
    	-x_49 <= 0.000000
    	x_50 <= 1.000000
    	-x_50 <= 0.000000
    	x_51 <= 1.000000
    	-x_51 <= 0.000000
    	x_52 <= 1.000000
    	-x_52 <= 0.000000
    	x_53 <= 1.000000
    	-x_53 <= 0.000000
    	x_54 <= 1.000000
    	-x_54 <= 0.000000
    	x_55 <= 1.000000
    	-x_55 <= 0.000000
    	x_56 <= 1.000000
    	-x_56 <= 0.000000
    	x_57 <= 1.000000
    	-x_57 <= 0.000000
    	x_58 <= 1.000000
    	-x_58 <= 0.000000
    	x_59 <= 1.000000
    	-x_59 <= 0.000000
    	95 x_40 + 29 x_41 + 55 x_42 + 30 x_43 + 81 x_44 + 63 x_45 + 18 x_46 + 11 x_47 + 71 x_48 + 17 x_49 + x_50 + 40 x_51 + 8 x_52 + 45 x_53 + 31 x_54 + 35 x_55 + 68 x_56 + 30 x_57 + 89 x_58 + 90 x_59 <= 453.000000
    	x_60 <= 1.000000
    	-x_60 <= 0.000000
    	x_61 <= 1.000000
    	-x_61 <= 0.000000
    	x_62 <= 1.000000
    	-x_62 <= 0.000000
    	x_63 <= 1.000000
    	-x_63 <= 0.000000
    	x_64 <= 1.000000
    	-x_64 <= 0.000000
    	x_65 <= 1.000000
    	-x_65 <= 0.000000
    	x_66 <= 1.000000
    	-x_66 <= 0.000000
    	x_67 <= 1.000000
    	-x_67 <= 0.000000
    	x_68 <= 1.000000
    	-x_68 <= 0.000000
    	x_69 <= 1.000000
    	-x_69 <= 0.000000
    	x_70 <= 1.000000
    	-x_70 <= 0.000000
    	x_71 <= 1.000000
    	-x_71 <= 0.000000
    	x_72 <= 1.000000
    	-x_72 <= 0.000000
    	x_73 <= 1.000000
    	-x_73 <= 0.000000
    	x_74 <= 1.000000
    	-x_74 <= 0.000000
    	x_75 <= 1.000000
    	-x_75 <= 0.000000
    	x_76 <= 1.000000
    	-x_76 <= 0.000000
    	x_77 <= 1.000000
    	-x_77 <= 0.000000
    	x_78 <= 1.000000
    	-x_78 <= 0.000000
    	x_79 <= 1.000000
    	-x_79 <= 0.000000
    	13 x_60 + 6 x_61 + 90 x_62 + 46 x_63 + 52 x_64 + 72 x_65 + 73 x_66 + 88 x_67 + 22 x_68 + 85 x_69 + 47 x_70 + 49 x_71 + 35 x_72 + x_73 + 69 x_74 + 67 x_75 + 35 x_76 + 82 x_77 + 36 x_78 + 58 x_79 <= 513.000000
    	-x_80 <= 665.000000
    	x_80 <= -0.000000
    	-x_81 <= 638.000000
    	x_81 <= -0.000000
    	-x_82 <= 599.000000
    	x_82 <= -0.000000
    	-x_83 <= 650.000000
    	x_83 <= -0.000000
    	
integer variables: 0 1 2 3 4 5 6 7 8 9 10 11 12 13 14 15 16 17 18 19 20 21 22 23 24 25 26 27 28 29 30 31 32 33 34 35 36 37 38 39 40 41 42 43 44 45 46 47 48 49 50 51 52 53 54 55 56 57 58 59 60 61 62 63 64 65 66 67 68 69 70 71 72 73 74 75 76 77 78 79 
number of local cuts in the node (and parents) in which the NE was found: 0
depth of node in which the NE was found: 53

NEFreeSetBuildingTime: 0.491089 seconds
FinalStepICBuildingTime: 5.87225 seconds
rayBuildingTime: 4.50111 seconds
totalNodeSolveTime: 18.8584 seconds
totalBestResponseTime: 7.77912 seconds
totalCutDerivationTime: 11.3562 seconds


----------------------------------------
1 NE found:
--
NE 1 1 1 0 0 0 0 0 0 0 0 1 0 0 1 1 0 1 1 0 1 1 1 0 1 0 1 0 1 0 1 0 1 0 0 0 0 0 1 1 1 0 0 1 0 1 1 1 0 0 0 0 1 0 1 0 1 1 1 0 1 0 1 0 0 0 1 0 1 1 0 1 0 1 0 0 0 1 1 1 
of social welfare -2226
with best response values -536 -538 -543 -609 
and differences to best response values 0 0 0 0 
--

computation time: 39.025 seconds
cut computation time: 11.3562 seconds
number of nodes explored: 18600
number of cuts added: 31528
anti cycling measures taken: false
----------------------------------------

result,/Users/roberthildebrand/Documents/GitHub/Grants/branch-and-cut-for-ipgs/instances/GNEP_knapsack_instances/4-20-5-strongcorr-4.txt,GNEP,GNEP-fullInteger,basicAlgorithm,intersectionCuts,localCuts,false,manyEtasGurobi,mostFractional,0.000000001,SOLUTION_FOUND,1,18600,31528,39.025,11.3562,0
writing one-line output in /Users/roberthildebrand/Documents/GitHub/GIPG/scripts/duguet_compare/sample/_tmp_result.txt
