building model of GNEP knapsack game

NEP with 4 players:

Player 0 of variable indices from 0 to 29
Optimization problem with 30 variables

min 	-72 x_0 - 14 x_1 - 84 x_2 - 35 x_3 - 46 x_4 - 44 x_5 - 31 x_6 - 92 x_7 - 40 x_8 - 30 x_9 - 26 x_10 - 25 x_11 - 97 x_12 - 22 x_13 - 84 x_14 - 100 x_15 - 81 x_16 - 19 x_17 - 78 x_18 - 19 x_19 - 92 x_20 - 71 x_21 - 27 x_22 - 63 x_23 - 88 x_24 - 31 x_25 - 56 x_26 - 86 x_27 - 93 x_28 - 95 x_29
s.t.	x_0 <= 1.000000
    	-x_0 <= 0.000000
    	x_1 <= 1.000000
    	-x_1 <= 0.000000
    	x_2 <= 1.000000
    	-x_2 <= 0.000000
    	x_3 <= 1.000000
    	-x_3 <= 0.000000
    	x_4 <= 1.000000
    	-x_4 <= 0.000000
    	x_5 <= 1.000000
    	-x_5 <= 0.000000
    	x_6 <= 1.000000
    	-x_6 <= 0.000000
    	x_7 <= 1.000000
    	-x_7 <= 0.000000
    	x_8 <= 1.000000
    	-x_8 <= 0.000000
    	x_9 <= 1.000000
    	-x_9 <= 0.000000
    	x_10 <= 1.000000
    	-x_10 <= 0.000000
    	x_11 <= 1.000000
    	-x_11 <= 0.000000
    	x_12 <= 1.000000
    	-x_12 <= 0.000000
    	x_13 <= 1.000000
    	-x_13 <= 0.000000
    	x_14 <= 1.000000
    	-x_14 <= 0.000000
    	x_15 <= 1.000000
    	-x_15 <= 0.000000
    	x_16 <= 1.000000
    	-x_16 <= 0.000000
    	x_17 <= 1.000000
    	-x_17 <= 0.000000
    	x_18 <= 1.000000
    	-x_18 <= 0.000000
    	x_19 <= 1.000000
    	-x_19 <= 0.000000
    	x_20 <= 1.000000
    	-x_20 <= 0.000000
    	x_21 <= 1.000000
    	-x_21 <= 0.000000
    	x_22 <= 1.000000
    	-x_22 <= 0.000000
    	x_23 <= 1.000000
    	-x_23 <= 0.000000
    	x_24 <= 1.000000
    	-x_24 <= 0.000000
    	x_25 <= 1.000000
    	-x_25 <= 0.000000
    	x_26 <= 1.000000
    	-x_26 <= 0.000000
    	x_27 <= 1.000000
    	-x_27 <= 0.000000
    	x_28 <= 1.000000
    	-x_28 <= 0.000000
    	x_29 <= 1.000000
    	-x_29 <= 0.000000
    	x_0 + x_30 + x_60 + x_90 <= 1.000000
    	x_1 + x_31 + x_61 + x_91 <= 1.000000
    	x_2 + x_32 + x_62 + x_92 <= 2.000000
    	x_3 + x_33 + x_63 + x_93 <= 3.000000
    	x_4 + x_34 + x_64 + x_94 <= 1.000000
    	x_5 + x_35 + x_65 + x_95 <= 3.000000
    	x_6 + x_36 + x_66 + x_96 <= 1.000000
    	x_7 + x_37 + x_67 + x_97 <= 2.000000
    	x_8 + x_38 + x_68 + x_98 <= 1.000000
    	x_9 + x_39 + x_69 + x_99 <= 1.000000
    	x_10 + x_40 + x_70 + x_100 <= 2.000000
    	x_11 + x_41 + x_71 + x_101 <= 4.000000
    	x_12 + x_42 + x_72 + x_102 <= 1.000000
    	x_13 + x_43 + x_73 + x_103 <= 1.000000
    	x_14 + x_44 + x_74 + x_104 <= 1.000000
    	x_15 + x_45 + x_75 + x_105 <= 3.000000
    	x_16 + x_46 + x_76 + x_106 <= 3.000000
    	x_17 + x_47 + x_77 + x_107 <= 4.000000
    	x_18 + x_48 + x_78 + x_108 <= 1.000000
    	x_19 + x_49 + x_79 + x_109 <= 3.000000
    	x_20 + x_50 + x_80 + x_110 <= 2.000000
    	x_21 + x_51 + x_81 + x_111 <= 1.000000
    	x_22 + x_52 + x_82 + x_112 <= 1.000000
    	x_23 + x_53 + x_83 + x_113 <= 4.000000
    	x_24 + x_54 + x_84 + x_114 <= 2.000000
    	x_25 + x_55 + x_85 + x_115 <= 2.000000
    	x_26 + x_56 + x_86 + x_116 <= 3.000000
    	x_27 + x_57 + x_87 + x_117 <= 4.000000
    	x_28 + x_58 + x_88 + x_118 <= 1.000000
    	x_29 + x_59 + x_89 + x_119 <= 1.000000
    	62 x_0 + 4 x_1 + 74 x_2 + 25 x_3 + 36 x_4 + 34 x_5 + 21 x_6 + 82 x_7 + 30 x_8 + 20 x_9 + 16 x_10 + 15 x_11 + 87 x_12 + 12 x_13 + 74 x_14 + 90 x_15 + 71 x_16 + 9 x_17 + 68 x_18 + 9 x_19 + 82 x_20 + 61 x_21 + 17 x_22 + 53 x_23 + 78 x_24 + 21 x_25 + 46 x_26 + 76 x_27 + 83 x_28 + 85 x_29 <= 288.000000
    	
integer variables: 0 1 2 3 4 5 6 7 8 9 10 11 12 13 14 15 16 17 18 19 20 21 22 23 24 25 26 27 28 29 
Player 1 of variable indices from 30 to 59
Optimization problem with 30 variables

min 	-90 x_30 - 91 x_31 - 27 x_32 - 51 x_33 - 17 x_34 - 53 x_35 - 86 x_36 - 69 x_37 - 91 x_38 - 98 x_39 - 80 x_40 - 34 x_41 - 32 x_42 - 70 x_43 - 22 x_44 - 40 x_45 - 48 x_46 - 79 x_47 - 25 x_48 - 87 x_49 - 38 x_50 - 56 x_51 - 38 x_52 - 36 x_53 - 39 x_54 - 92 x_55 - 103 x_56 - 27 x_57 - 27 x_58 - 68 x_59
s.t.	x_30 <= 1.000000
    	-x_30 <= 0.000000
    	x_31 <= 1.000000
    	-x_31 <= 0.000000
    	x_32 <= 1.000000
    	-x_32 <= 0.000000
    	x_33 <= 1.000000
    	-x_33 <= 0.000000
    	x_34 <= 1.000000
    	-x_34 <= 0.000000
    	x_35 <= 1.000000
    	-x_35 <= 0.000000
    	x_36 <= 1.000000
    	-x_36 <= 0.000000
    	x_37 <= 1.000000
    	-x_37 <= 0.000000
    	x_38 <= 1.000000
    	-x_38 <= 0.000000
    	x_39 <= 1.000000
    	-x_39 <= 0.000000
    	x_40 <= 1.000000
    	-x_40 <= 0.000000
    	x_41 <= 1.000000
    	-x_41 <= 0.000000
    	x_42 <= 1.000000
    	-x_42 <= 0.000000
    	x_43 <= 1.000000
    	-x_43 <= 0.000000
    	x_44 <= 1.000000
    	-x_44 <= 0.000000
    	x_45 <= 1.000000
    	-x_45 <= 0.000000
    	x_46 <= 1.000000
    	-x_46 <= 0.000000
    	x_47 <= 1.000000
    	-x_47 <= 0.000000
    	x_48 <= 1.000000
    	-x_48 <= 0.000000
    	x_49 <= 1.000000
    	-x_49 <= 0.000000
    	x_50 <= 1.000000
    	-x_50 <= 0.000000
    	x_51 <= 1.000000
    	-x_51 <= 0.000000
    	x_52 <= 1.000000
    	-x_52 <= 0.000000
    	x_53 <= 1.000000
    	-x_53 <= 0.000000
    	x_54 <= 1.000000
    	-x_54 <= 0.000000
    	x_55 <= 1.000000
    	-x_55 <= 0.000000
    	x_56 <= 1.000000
    	-x_56 <= 0.000000
    	x_57 <= 1.000000
    	-x_57 <= 0.000000
    	x_58 <= 1.000000
    	-x_58 <= 0.000000
    	x_59 <= 1.000000
    	-x_59 <= 0.000000
    	x_0 + x_30 + x_60 + x_90 <= 1.000000
    	x_1 + x_31 + x_61 + x_91 <= 1.000000
    	x_2 + x_32 + x_62 + x_92 <= 2.000000
    	x_3 + x_33 + x_63 + x_93 <= 3.000000
    	x_4 + x_34 + x_64 + x_94 <= 1.000000
    	x_5 + x_35 + x_65 + x_95 <= 3.000000
    	x_6 + x_36 + x_66 + x_96 <= 1.000000
    	x_7 + x_37 + x_67 + x_97 <= 2.000000
    	x_8 + x_38 + x_68 + x_98 <= 1.000000
    	x_9 + x_39 + x_69 + x_99 <= 1.000000
    	x_10 + x_40 + x_70 + x_100 <= 2.000000
    	x_11 + x_41 + x_71 + x_101 <= 4.000000
    	x_12 + x_42 + x_72 + x_102 <= 1.000000
    	x_13 + x_43 + x_73 + x_103 <= 1.000000
    	x_14 + x_44 + x_74 + x_104 <= 1.000000
    	x_15 + x_45 + x_75 + x_105 <= 3.000000
    	x_16 + x_46 + x_76 + x_106 <= 3.000000
    	x_17 + x_47 + x_77 + x_107 <= 4.000000
    	x_18 + x_48 + x_78 + x_108 <= 1.000000
    	x_19 + x_49 + x_79 + x_109 <= 3.000000
    	x_20 + x_50 + x_80 + x_110 <= 2.000000
    	x_21 + x_51 + x_81 + x_111 <= 1.000000
    	x_22 + x_52 + x_82 + x_112 <= 1.000000
    	x_23 + x_53 + x_83 + x_113 <= 4.000000
    	x_24 + x_54 + x_84 + x_114 <= 2.000000
    	x_25 + x_55 + x_85 + x_115 <= 2.000000
    	x_26 + x_56 + x_86 + x_116 <= 3.000000
    	x_27 + x_57 + x_87 + x_117 <= 4.000000
    	x_28 + x_58 + x_88 + x_118 <= 1.000000
    	x_29 + x_59 + x_89 + x_119 <= 1.000000
    	80 x_30 + 81 x_31 + 17 x_32 + 41 x_33 + 7 x_34 + 43 x_35 + 76 x_36 + 59 x_37 + 81 x_38 + 88 x_39 + 70 x_40 + 24 x_41 + 22 x_42 + 60 x_43 + 12 x_44 + 30 x_45 + 38 x_46 + 69 x_47 + 15 x_48 + 77 x_49 + 28 x_50 + 46 x_51 + 28 x_52 + 26 x_53 + 29 x_54 + 82 x_55 + 93 x_56 + 17 x_57 + 17 x_58 + 58 x_59 <= 282.000000
    	
integer variables: 30 31 32 33 34 35 36 37 38 39 40 41 42 43 44 45 46 47 48 49 50 51 52 53 54 55 56 57 58 59 
Player 2 of variable indices from 60 to 89
Optimization problem with 30 variables

min 	-109 x_60 - 75 x_61 - 61 x_62 - 60 x_63 - 87 x_64 - 53 x_65 - 32 x_66 - 53 x_67 - 41 x_68 - 67 x_69 - 27 x_70 - 42 x_71 - 58 x_72 - 19 x_73 - 61 x_74 - 81 x_75 - 14 x_76 - 32 x_77 - 79 x_78 - 48 x_79 - 77 x_80 - 48 x_81 - 48 x_82 - 108 x_83 - 81 x_84 - 52 x_85 - 41 x_86 - 67 x_87 - 54 x_88 - 40 x_89
s.t.	x_60 <= 1.000000
    	-x_60 <= 0.000000
    	x_61 <= 1.000000
    	-x_61 <= 0.000000
    	x_62 <= 1.000000
    	-x_62 <= 0.000000
    	x_63 <= 1.000000
    	-x_63 <= 0.000000
    	x_64 <= 1.000000
    	-x_64 <= 0.000000
    	x_65 <= 1.000000
    	-x_65 <= 0.000000
    	x_66 <= 1.000000
    	-x_66 <= 0.000000
    	x_67 <= 1.000000
    	-x_67 <= 0.000000
    	x_68 <= 1.000000
    	-x_68 <= 0.000000
    	x_69 <= 1.000000
    	-x_69 <= 0.000000
    	x_70 <= 1.000000
    	-x_70 <= 0.000000
    	x_71 <= 1.000000
    	-x_71 <= 0.000000
    	x_72 <= 1.000000
    	-x_72 <= 0.000000
    	x_73 <= 1.000000
    	-x_73 <= 0.000000
    	x_74 <= 1.000000
    	-x_74 <= 0.000000
    	x_75 <= 1.000000
    	-x_75 <= 0.000000
    	x_76 <= 1.000000
    	-x_76 <= 0.000000
    	x_77 <= 1.000000
    	-x_77 <= 0.000000
    	x_78 <= 1.000000
    	-x_78 <= 0.000000
    	x_79 <= 1.000000
    	-x_79 <= 0.000000
    	x_80 <= 1.000000
    	-x_80 <= 0.000000
    	x_81 <= 1.000000
    	-x_81 <= 0.000000
    	x_82 <= 1.000000
    	-x_82 <= 0.000000
    	x_83 <= 1.000000
    	-x_83 <= 0.000000
    	x_84 <= 1.000000
    	-x_84 <= 0.000000
    	x_85 <= 1.000000
    	-x_85 <= 0.000000
    	x_86 <= 1.000000
    	-x_86 <= 0.000000
    	x_87 <= 1.000000
    	-x_87 <= 0.000000
    	x_88 <= 1.000000
    	-x_88 <= 0.000000
    	x_89 <= 1.000000
    	-x_89 <= 0.000000
    	x_0 + x_30 + x_60 + x_90 <= 1.000000
    	x_1 + x_31 + x_61 + x_91 <= 1.000000
    	x_2 + x_32 + x_62 + x_92 <= 2.000000
    	x_3 + x_33 + x_63 + x_93 <= 3.000000
    	x_4 + x_34 + x_64 + x_94 <= 1.000000
    	x_5 + x_35 + x_65 + x_95 <= 3.000000
    	x_6 + x_36 + x_66 + x_96 <= 1.000000
    	x_7 + x_37 + x_67 + x_97 <= 2.000000
    	x_8 + x_38 + x_68 + x_98 <= 1.000000
    	x_9 + x_39 + x_69 + x_99 <= 1.000000
    	x_10 + x_40 + x_70 + x_100 <= 2.000000
    	x_11 + x_41 + x_71 + x_101 <= 4.000000
    	x_12 + x_42 + x_72 + x_102 <= 1.000000
    	x_13 + x_43 + x_73 + x_103 <= 1.000000
    	x_14 + x_44 + x_74 + x_104 <= 1.000000
    	x_15 + x_45 + x_75 + x_105 <= 3.000000
    	x_16 + x_46 + x_76 + x_106 <= 3.000000
    	x_17 + x_47 + x_77 + x_107 <= 4.000000
    	x_18 + x_48 + x_78 + x_108 <= 1.000000
    	x_19 + x_49 + x_79 + x_109 <= 3.000000
    	x_20 + x_50 + x_80 + x_110 <= 2.000000
    	x_21 + x_51 + x_81 + x_111 <= 1.000000
    	x_22 + x_52 + x_82 + x_112 <= 1.000000
    	x_23 + x_53 + x_83 + x_113 <= 4.000000
    	x_24 + x_54 + x_84 + x_114 <= 2.000000
    	x_25 + x_55 + x_85 + x_115 <= 2.000000
    	x_26 + x_56 + x_86 + x_116 <= 3.000000
    	x_27 + x_57 + x_87 + x_117 <= 4.000000
    	x_28 + x_58 + x_88 + x_118 <= 1.000000
    	x_29 + x_59 + x_89 + x_119 <= 1.000000
    	99 x_60 + 65 x_61 + 51 x_62 + 50 x_63 + 77 x_64 + 43 x_65 + 22 x_66 + 43 x_67 + 31 x_68 + 57 x_69 + 17 x_70 + 32 x_71 + 48 x_72 + 9 x_73 + 51 x_74 + 71 x_75 + 4 x_76 + 22 x_77 + 69 x_78 + 38 x_79 + 67 x_80 + 38 x_81 + 38 x_82 + 98 x_83 + 71 x_84 + 42 x_85 + 31 x_86 + 57 x_87 + 44 x_88 + 30 x_89 <= 283.000000
    	
integer variables: 60 61 62 63 64 65 66 67 68 69 70 71 72 73 74 75 76 77 78 79 80 81 82 83 84 85 86 87 88 89 
Player 3 of variable indices from 90 to 119
Optimization problem with 30 variables

min 	-27 x_90 - 52 x_91 - 96 x_92 - 76 x_93 - 66 x_94 - 62 x_95 - 79 x_96 - 30 x_97 - 92 x_98 - 43 x_99 - 81 x_100 - 51 x_101 - 85 x_102 - 67 x_103 - 99 x_104 - 13 x_105 - 81 x_106 - 84 x_107 - 34 x_108 - 16 x_109 - 23 x_110 - 33 x_111 - 59 x_112 - 73 x_113 - 32 x_114 - 13 x_115 - 88 x_116 - 108 x_117 - 88 x_118 - 13 x_119
s.t.	x_90 <= 1.000000
    	-x_90 <= 0.000000
    	x_91 <= 1.000000
    	-x_91 <= 0.000000
    	x_92 <= 1.000000
    	-x_92 <= 0.000000
    	x_93 <= 1.000000
    	-x_93 <= 0.000000
    	x_94 <= 1.000000
    	-x_94 <= 0.000000
    	x_95 <= 1.000000
    	-x_95 <= 0.000000
    	x_96 <= 1.000000
    	-x_96 <= 0.000000
    	x_97 <= 1.000000
    	-x_97 <= 0.000000
    	x_98 <= 1.000000
    	-x_98 <= 0.000000
    	x_99 <= 1.000000
    	-x_99 <= 0.000000
    	x_100 <= 1.000000
    	-x_100 <= 0.000000
    	x_101 <= 1.000000
    	-x_101 <= 0.000000
    	x_102 <= 1.000000
    	-x_102 <= 0.000000
    	x_103 <= 1.000000
    	-x_103 <= 0.000000
    	x_104 <= 1.000000
    	-x_104 <= 0.000000
    	x_105 <= 1.000000
    	-x_105 <= 0.000000
    	x_106 <= 1.000000
    	-x_106 <= 0.000000
    	x_107 <= 1.000000
    	-x_107 <= 0.000000
    	x_108 <= 1.000000
    	-x_108 <= 0.000000
    	x_109 <= 1.000000
    	-x_109 <= 0.000000
    	x_110 <= 1.000000
    	-x_110 <= 0.000000
    	x_111 <= 1.000000
    	-x_111 <= 0.000000
    	x_112 <= 1.000000
    	-x_112 <= 0.000000
    	x_113 <= 1.000000
    	-x_113 <= 0.000000
    	x_114 <= 1.000000
    	-x_114 <= 0.000000
    	x_115 <= 1.000000
    	-x_115 <= 0.000000
    	x_116 <= 1.000000
    	-x_116 <= 0.000000
    	x_117 <= 1.000000
    	-x_117 <= 0.000000
    	x_118 <= 1.000000
    	-x_118 <= 0.000000
    	x_119 <= 1.000000
    	-x_119 <= 0.000000
    	x_0 + x_30 + x_60 + x_90 <= 1.000000
    	x_1 + x_31 + x_61 + x_91 <= 1.000000
    	x_2 + x_32 + x_62 + x_92 <= 2.000000
    	x_3 + x_33 + x_63 + x_93 <= 3.000000
    	x_4 + x_34 + x_64 + x_94 <= 1.000000
    	x_5 + x_35 + x_65 + x_95 <= 3.000000
    	x_6 + x_36 + x_66 + x_96 <= 1.000000
    	x_7 + x_37 + x_67 + x_97 <= 2.000000
    	x_8 + x_38 + x_68 + x_98 <= 1.000000
    	x_9 + x_39 + x_69 + x_99 <= 1.000000
    	x_10 + x_40 + x_70 + x_100 <= 2.000000
    	x_11 + x_41 + x_71 + x_101 <= 4.000000
    	x_12 + x_42 + x_72 + x_102 <= 1.000000
    	x_13 + x_43 + x_73 + x_103 <= 1.000000
    	x_14 + x_44 + x_74 + x_104 <= 1.000000
    	x_15 + x_45 + x_75 + x_105 <= 3.000000
    	x_16 + x_46 + x_76 + x_106 <= 3.000000
    	x_17 + x_47 + x_77 + x_107 <= 4.000000
    	x_18 + x_48 + x_78 + x_108 <= 1.000000
    	x_19 + x_49 + x_79 + x_109 <= 3.000000
    	x_20 + x_50 + x_80 + x_110 <= 2.000000
    	x_21 + x_51 + x_81 + x_111 <= 1.000000
    	x_22 + x_52 + x_82 + x_112 <= 1.000000
    	x_23 + x_53 + x_83 + x_113 <= 4.000000
    	x_24 + x_54 + x_84 + x_114 <= 2.000000
    	x_25 + x_55 + x_85 + x_115 <= 2.000000
    	x_26 + x_56 + x_86 + x_116 <= 3.000000
    	x_27 + x_57 + x_87 + x_117 <= 4.000000
    	x_28 + x_58 + x_88 + x_118 <= 1.000000
    	x_29 + x_59 + x_89 + x_119 <= 1.000000
    	17 x_90 + 42 x_91 + 86 x_92 + 66 x_93 + 56 x_94 + 52 x_95 + 69 x_96 + 20 x_97 + 82 x_98 + 33 x_99 + 71 x_100 + 41 x_101 + 75 x_102 + 57 x_103 + 89 x_104 + 3 x_105 + 71 x_106 + 74 x_107 + 24 x_108 + 6 x_109 + 13 x_110 + 23 x_111 + 49 x_112 + 63 x_113 + 22 x_114 + 3 x_115 + 78 x_116 + 98 x_117 + 78 x_118 + 3 x_119 <= 292.000000
    	
integer variables: 90 91 92 93 94 95 96 97 98 99 100 101 102 103 104 105 106 107 108 109 110 111 112 113 114 115 116 117 118 119 
initial eta lower bounds: 0 0 0 0 
initial eta upper bounds: 0 0 0 0 
no equilibrium found right now

eta_0 bounded by [-433, -0]
eta_1 bounded by [-415, -0]
eta_2 bounded by [-396, -0]
eta_3 bounded by [-431, -0]
computation time of eta bounds with MIP gap 0.0001 is 0.008236 seconds
Root node problem: 
Optimization problem with 124 variables

min 	-27 x_90 - 52 x_91 - 96 x_92 - 76 x_93 - 66 x_94 - 62 x_95 - 79 x_96 - 30 x_97 - 92 x_98 - 43 x_99 - 81 x_100 - 51 x_101 - 85 x_102 - 67 x_103 - 99 x_104 - 13 x_105 - 81 x_106 - 84 x_107 - 34 x_108 - 16 x_109 - 23 x_110 - 33 x_111 - 59 x_112 - 73 x_113 - 32 x_114 - 13 x_115 - 88 x_116 - 108 x_117 - 88 x_118 - 13 x_119 - 109 x_60 - 75 x_61 - 61 x_62 - 60 x_63 - 87 x_64 - 53 x_65 - 32 x_66 - 53 x_67 - 41 x_68 - 67 x_69 - 27 x_70 - 42 x_71 - 58 x_72 - 19 x_73 - 61 x_74 - 81 x_75 - 14 x_76 - 32 x_77 - 79 x_78 - 48 x_79 - 77 x_80 - 48 x_81 - 48 x_82 - 108 x_83 - 81 x_84 - 52 x_85 - 41 x_86 - 67 x_87 - 54 x_88 - 40 x_89 - 90 x_30 - 91 x_31 - 27 x_32 - 51 x_33 - 17 x_34 - 53 x_35 - 86 x_36 - 69 x_37 - 91 x_38 - 98 x_39 - 80 x_40 - 34 x_41 - 32 x_42 - 70 x_43 - 22 x_44 - 40 x_45 - 48 x_46 - 79 x_47 - 25 x_48 - 87 x_49 - 38 x_50 - 56 x_51 - 38 x_52 - 36 x_53 - 39 x_54 - 92 x_55 - 103 x_56 - 27 x_57 - 27 x_58 - 68 x_59 - 72 x_0 - 14 x_1 - 84 x_2 - 35 x_3 - 46 x_4 - 44 x_5 - 31 x_6 - 92 x_7 - 40 x_8 - 30 x_9 - 26 x_10 - 25 x_11 - 97 x_12 - 22 x_13 - 84 x_14 - 100 x_15 - 81 x_16 - 19 x_17 - 78 x_18 - 19 x_19 - 92 x_20 - 71 x_21 - 27 x_22 - 63 x_23 - 88 x_24 - 31 x_25 - 56 x_26 - 86 x_27 - 93 x_28 - 95 x_29 - x_120 - x_121 - x_122 - x_123
s.t.	x_0 <= 1.000000
    	-x_0 <= 0.000000
    	x_1 <= 1.000000
    	-x_1 <= 0.000000
    	x_2 <= 1.000000
    	-x_2 <= 0.000000
    	x_3 <= 1.000000
    	-x_3 <= 0.000000
    	x_4 <= 1.000000
    	-x_4 <= 0.000000
    	x_5 <= 1.000000
    	-x_5 <= 0.000000
    	x_6 <= 1.000000
    	-x_6 <= 0.000000
    	x_7 <= 1.000000
    	-x_7 <= 0.000000
    	x_8 <= 1.000000
    	-x_8 <= 0.000000
    	x_9 <= 1.000000
    	-x_9 <= 0.000000
    	x_10 <= 1.000000
    	-x_10 <= 0.000000
    	x_11 <= 1.000000
    	-x_11 <= 0.000000
    	x_12 <= 1.000000
    	-x_12 <= 0.000000
    	x_13 <= 1.000000
    	-x_13 <= 0.000000
    	x_14 <= 1.000000
    	-x_14 <= 0.000000
    	x_15 <= 1.000000
    	-x_15 <= 0.000000
    	x_16 <= 1.000000
    	-x_16 <= 0.000000
    	x_17 <= 1.000000
    	-x_17 <= 0.000000
    	x_18 <= 1.000000
    	-x_18 <= 0.000000
    	x_19 <= 1.000000
    	-x_19 <= 0.000000
    	x_20 <= 1.000000
    	-x_20 <= 0.000000
    	x_21 <= 1.000000
    	-x_21 <= 0.000000
    	x_22 <= 1.000000
    	-x_22 <= 0.000000
    	x_23 <= 1.000000
    	-x_23 <= 0.000000
    	x_24 <= 1.000000
    	-x_24 <= 0.000000
    	x_25 <= 1.000000
    	-x_25 <= 0.000000
    	x_26 <= 1.000000
    	-x_26 <= 0.000000
    	x_27 <= 1.000000
    	-x_27 <= 0.000000
    	x_28 <= 1.000000
    	-x_28 <= 0.000000
    	x_29 <= 1.000000
    	-x_29 <= 0.000000
    	x_0 + x_30 + x_60 + x_90 <= 1.000000
    	x_1 + x_31 + x_61 + x_91 <= 1.000000
    	x_2 + x_32 + x_62 + x_92 <= 2.000000
    	x_3 + x_33 + x_63 + x_93 <= 3.000000
    	x_4 + x_34 + x_64 + x_94 <= 1.000000
    	x_5 + x_35 + x_65 + x_95 <= 3.000000
    	x_6 + x_36 + x_66 + x_96 <= 1.000000
    	x_7 + x_37 + x_67 + x_97 <= 2.000000
    	x_8 + x_38 + x_68 + x_98 <= 1.000000
    	x_9 + x_39 + x_69 + x_99 <= 1.000000
    	x_10 + x_40 + x_70 + x_100 <= 2.000000
    	x_11 + x_41 + x_71 + x_101 <= 4.000000
    	x_12 + x_42 + x_72 + x_102 <= 1.000000
    	x_13 + x_43 + x_73 + x_103 <= 1.000000
    	x_14 + x_44 + x_74 + x_104 <= 1.000000
    	x_15 + x_45 + x_75 + x_105 <= 3.000000
    	x_16 + x_46 + x_76 + x_106 <= 3.000000
    	x_17 + x_47 + x_77 + x_107 <= 4.000000
    	x_18 + x_48 + x_78 + x_108 <= 1.000000
    	x_19 + x_49 + x_79 + x_109 <= 3.000000
    	x_20 + x_50 + x_80 + x_110 <= 2.000000
    	x_21 + x_51 + x_81 + x_111 <= 1.000000
    	x_22 + x_52 + x_82 + x_112 <= 1.000000
    	x_23 + x_53 + x_83 + x_113 <= 4.000000
    	x_24 + x_54 + x_84 + x_114 <= 2.000000
    	x_25 + x_55 + x_85 + x_115 <= 2.000000
    	x_26 + x_56 + x_86 + x_116 <= 3.000000
    	x_27 + x_57 + x_87 + x_117 <= 4.000000
    	x_28 + x_58 + x_88 + x_118 <= 1.000000
    	x_29 + x_59 + x_89 + x_119 <= 1.000000
    	62 x_0 + 4 x_1 + 74 x_2 + 25 x_3 + 36 x_4 + 34 x_5 + 21 x_6 + 82 x_7 + 30 x_8 + 20 x_9 + 16 x_10 + 15 x_11 + 87 x_12 + 12 x_13 + 74 x_14 + 90 x_15 + 71 x_16 + 9 x_17 + 68 x_18 + 9 x_19 + 82 x_20 + 61 x_21 + 17 x_22 + 53 x_23 + 78 x_24 + 21 x_25 + 46 x_26 + 76 x_27 + 83 x_28 + 85 x_29 <= 288.000000
    	x_30 <= 1.000000
    	-x_30 <= 0.000000
    	x_31 <= 1.000000
    	-x_31 <= 0.000000
    	x_32 <= 1.000000
    	-x_32 <= 0.000000
    	x_33 <= 1.000000
    	-x_33 <= 0.000000
    	x_34 <= 1.000000
    	-x_34 <= 0.000000
    	x_35 <= 1.000000
    	-x_35 <= 0.000000
    	x_36 <= 1.000000
    	-x_36 <= 0.000000
    	x_37 <= 1.000000
    	-x_37 <= 0.000000
    	x_38 <= 1.000000
    	-x_38 <= 0.000000
    	x_39 <= 1.000000
    	-x_39 <= 0.000000
    	x_40 <= 1.000000
    	-x_40 <= 0.000000
    	x_41 <= 1.000000
    	-x_41 <= 0.000000
    	x_42 <= 1.000000
    	-x_42 <= 0.000000
    	x_43 <= 1.000000
    	-x_43 <= 0.000000
    	x_44 <= 1.000000
    	-x_44 <= 0.000000
    	x_45 <= 1.000000
    	-x_45 <= 0.000000
    	x_46 <= 1.000000
    	-x_46 <= 0.000000
    	x_47 <= 1.000000
    	-x_47 <= 0.000000
    	x_48 <= 1.000000
    	-x_48 <= 0.000000
    	x_49 <= 1.000000
    	-x_49 <= 0.000000
    	x_50 <= 1.000000
    	-x_50 <= 0.000000
    	x_51 <= 1.000000
    	-x_51 <= 0.000000
    	x_52 <= 1.000000
    	-x_52 <= 0.000000
    	x_53 <= 1.000000
    	-x_53 <= 0.000000
    	x_54 <= 1.000000
    	-x_54 <= 0.000000
    	x_55 <= 1.000000
    	-x_55 <= 0.000000
    	x_56 <= 1.000000
    	-x_56 <= 0.000000
    	x_57 <= 1.000000
    	-x_57 <= 0.000000
    	x_58 <= 1.000000
    	-x_58 <= 0.000000
    	x_59 <= 1.000000
    	-x_59 <= 0.000000
    	80 x_30 + 81 x_31 + 17 x_32 + 41 x_33 + 7 x_34 + 43 x_35 + 76 x_36 + 59 x_37 + 81 x_38 + 88 x_39 + 70 x_40 + 24 x_41 + 22 x_42 + 60 x_43 + 12 x_44 + 30 x_45 + 38 x_46 + 69 x_47 + 15 x_48 + 77 x_49 + 28 x_50 + 46 x_51 + 28 x_52 + 26 x_53 + 29 x_54 + 82 x_55 + 93 x_56 + 17 x_57 + 17 x_58 + 58 x_59 <= 282.000000
    	x_60 <= 1.000000
    	-x_60 <= 0.000000
    	x_61 <= 1.000000
    	-x_61 <= 0.000000
    	x_62 <= 1.000000
    	-x_62 <= 0.000000
    	x_63 <= 1.000000
    	-x_63 <= 0.000000
    	x_64 <= 1.000000
    	-x_64 <= 0.000000
    	x_65 <= 1.000000
    	-x_65 <= 0.000000
    	x_66 <= 1.000000
    	-x_66 <= 0.000000
    	x_67 <= 1.000000
    	-x_67 <= 0.000000
    	x_68 <= 1.000000
    	-x_68 <= 0.000000
    	x_69 <= 1.000000
    	-x_69 <= 0.000000
    	x_70 <= 1.000000
    	-x_70 <= 0.000000
    	x_71 <= 1.000000
    	-x_71 <= 0.000000
    	x_72 <= 1.000000
    	-x_72 <= 0.000000
    	x_73 <= 1.000000
    	-x_73 <= 0.000000
    	x_74 <= 1.000000
    	-x_74 <= 0.000000
    	x_75 <= 1.000000
    	-x_75 <= 0.000000
    	x_76 <= 1.000000
    	-x_76 <= 0.000000
    	x_77 <= 1.000000
    	-x_77 <= 0.000000
    	x_78 <= 1.000000
    	-x_78 <= 0.000000
    	x_79 <= 1.000000
    	-x_79 <= 0.000000
    	x_80 <= 1.000000
    	-x_80 <= 0.000000
    	x_81 <= 1.000000
    	-x_81 <= 0.000000
    	x_82 <= 1.000000
    	-x_82 <= 0.000000
    	x_83 <= 1.000000
    	-x_83 <= 0.000000
    	x_84 <= 1.000000
    	-x_84 <= 0.000000
    	x_85 <= 1.000000
    	-x_85 <= 0.000000
    	x_86 <= 1.000000
    	-x_86 <= 0.000000
    	x_87 <= 1.000000
    	-x_87 <= 0.000000
    	x_88 <= 1.000000
    	-x_88 <= 0.000000
    	x_89 <= 1.000000
    	-x_89 <= 0.000000
    	99 x_60 + 65 x_61 + 51 x_62 + 50 x_63 + 77 x_64 + 43 x_65 + 22 x_66 + 43 x_67 + 31 x_68 + 57 x_69 + 17 x_70 + 32 x_71 + 48 x_72 + 9 x_73 + 51 x_74 + 71 x_75 + 4 x_76 + 22 x_77 + 69 x_78 + 38 x_79 + 67 x_80 + 38 x_81 + 38 x_82 + 98 x_83 + 71 x_84 + 42 x_85 + 31 x_86 + 57 x_87 + 44 x_88 + 30 x_89 <= 283.000000
    	x_90 <= 1.000000
    	-x_90 <= 0.000000
    	x_91 <= 1.000000
    	-x_91 <= 0.000000
    	x_92 <= 1.000000
    	-x_92 <= 0.000000
    	x_93 <= 1.000000
    	-x_93 <= 0.000000
    	x_94 <= 1.000000
    	-x_94 <= 0.000000
    	x_95 <= 1.000000
    	-x_95 <= 0.000000
    	x_96 <= 1.000000
    	-x_96 <= 0.000000
    	x_97 <= 1.000000
    	-x_97 <= 0.000000
    	x_98 <= 1.000000
    	-x_98 <= 0.000000
    	x_99 <= 1.000000
    	-x_99 <= 0.000000
    	x_100 <= 1.000000
    	-x_100 <= 0.000000
    	x_101 <= 1.000000
    	-x_101 <= 0.000000
    	x_102 <= 1.000000
    	-x_102 <= 0.000000
    	x_103 <= 1.000000
    	-x_103 <= 0.000000
    	x_104 <= 1.000000
    	-x_104 <= 0.000000
    	x_105 <= 1.000000
    	-x_105 <= 0.000000
    	x_106 <= 1.000000
    	-x_106 <= 0.000000
    	x_107 <= 1.000000
    	-x_107 <= 0.000000
    	x_108 <= 1.000000
    	-x_108 <= 0.000000
    	x_109 <= 1.000000
    	-x_109 <= 0.000000
    	x_110 <= 1.000000
    	-x_110 <= 0.000000
    	x_111 <= 1.000000
    	-x_111 <= 0.000000
    	x_112 <= 1.000000
    	-x_112 <= 0.000000
    	x_113 <= 1.000000
    	-x_113 <= 0.000000
    	x_114 <= 1.000000
    	-x_114 <= 0.000000
    	x_115 <= 1.000000
    	-x_115 <= 0.000000
    	x_116 <= 1.000000
    	-x_116 <= 0.000000
    	x_117 <= 1.000000
    	-x_117 <= 0.000000
    	x_118 <= 1.000000
    	-x_118 <= 0.000000
    	x_119 <= 1.000000
    	-x_119 <= 0.000000
    	17 x_90 + 42 x_91 + 86 x_92 + 66 x_93 + 56 x_94 + 52 x_95 + 69 x_96 + 20 x_97 + 82 x_98 + 33 x_99 + 71 x_100 + 41 x_101 + 75 x_102 + 57 x_103 + 89 x_104 + 3 x_105 + 71 x_106 + 74 x_107 + 24 x_108 + 6 x_109 + 13 x_110 + 23 x_111 + 49 x_112 + 63 x_113 + 22 x_114 + 3 x_115 + 78 x_116 + 98 x_117 + 78 x_118 + 3 x_119 <= 292.000000
    	-x_120 <= 433.000000
    	x_120 <= -0.000000
    	-x_121 <= 415.000000
    	x_121 <= -0.000000
    	-x_122 <= 396.000000
    	x_122 <= -0.000000
    	-x_123 <= 431.000000
    	x_123 <= -0.000000
    	
integer variables: 0 1 2 3 4 5 6 7 8 9 10 11 12 13 14 15 16 17 18 19 20 21 22 23 24 25 26 27 28 29 30 31 32 33 34 35 36 37 38 39 40 41 42 43 44 45 46 47 48 49 50 51 52 53 54 55 56 57 58 59 60 61 62 63 64 65 66 67 68 69 70 71 72 73 74 75 76 77 78 79 80 81 82 83 84 85 86 87 88 89 90 91 92 93 94 95 96 97 98 99 100 101 102 103 104 105 106 107 108 109 110 111 112 113 114 115 116 117 118 119 

NEFreeSetBuildingTime: 0.419 seconds
FinalStepICBuildingTime: 7.06071 seconds
rayBuildingTime: 4.26094 seconds
totalNodeSolveTime: 20.9256 seconds
totalBestResponseTime: 5.44368 seconds
totalCutDerivationTime: 12.1003 seconds


----------------------------------------
No Nash equilibrium found
computation time: 39.9003 seconds
cut computation time: 12.1003 seconds
number of nodes explored: 19524
number of cuts added: 18580
anti cycling measures taken: false
----------------------------------------

result,/Users/roberthildebrand/Documents/GitHub/Grants/branch-and-cut-for-ipgs/instances/GNEP_knapsack_instances/4-30-2-strongcorr-0.txt,GNEP,GNEP-fullInteger,basicAlgorithm,intersectionCuts,localCuts,false,manyEtasGurobi,mostFractional,0.000000001,TIME_LIMIT_REACHED,0,19524,18580,39.9003,12.1003,0
writing one-line output in /Users/roberthildebrand/Documents/GitHub/GIPG/scripts/duguet_compare/sample/_tmp_result.txt
